a433-microservices-item-app-1  |
a433-microservices-item-app-1  | > docker-software-delivery@1.0.0 start /app
a433-microservices-item-app-1  | > node ./bin/www
a433-microservices-item-app-1  |
a433-microservices-item-app-1  | NODE_ENV: production
a433-microservices-item-db-1   | 2024-01-14T06:33:27.236+0000 I NETWORK  [listener] connection accepted from 172.19.0.3:36520 #1 (1 connection now open)
a433-microservices-item-db-1   | 2024-01-14T06:33:27.243+0000 I NETWORK  [conn1] received client metadata from 172.19.0.3:36520 conn1: { driver: { name: "nodejs", version: "2.2.36" }, os: { type: "Linux", name: "linux", architecture: "x64", version: "5.15.0-91-generic" }, platform: "Node.js v14.21.3, LE, mongodb-core: 2.1.20" }
a433-microservices-item-app-1  | Connected to database
a433-microservices-item-app-1  | GET / 200 218.800 ms - 785
a433-microservices-item-app-1  | GET /javascripts/dist/dist.min.js 200 21.163 ms - 186999
a433-microservices-item-app-1  | GET /stylesheets/style.css 200 39.573 ms - 519
a433-microservices-item-app-1  | GET /api 200 6.242 ms - 2
a433-microservices-item-app-1  | GET /favicon.ico 404 9.110 ms - 270
a433-microservices-item-db-1   | 2024-01-14T06:33:58.976+0000 I STORAGE  [conn1] createCollection: accumulator.documents with generated UUID: 71276033-6642-4245-b249-02455f163c81
a433-microservices-item-app-1  | POST /api 201 40.575 ms - 55
a433-microservices-item-app-1  | POST /api 201 2.905 ms - 64
^Ccanceled
apriyanto@craziyuhuu:~/github/a433-microservices$ docker ps
CONTAINER ID   IMAGE                    COMMAND                  CREATED         STATUS         PORTS                                                                                            NAMES
7d02d8e33180   craziyuhuu/item-app:v1   "docker-entrypoint.s…"   7 minutes ago   Up 2 minutes   0.0.0.0:80->8080/tcp, :::80->8080/tcp                                                            a433-microservices-item-app-1
a54631e77992   mongo:3                  "docker-entrypoint.s…"   7 minutes ago   Up 7 minutes   27017/tcp                                                                                        a433-microservices-item-db-1
f30dd2353618   docker:dind              "dockerd-entrypoint.…"   2 weeks ago     Up 5 hours     0.0.0.0:2376->2376/tcp, :::2376->2376/tcp, 2375/tcp, 0.0.0.0:3000->3000/tcp, :::3000->3000/tcp   jenkins-docker
apriyanto@craziyuhuu:~/github/a433-microservices$ docker stop 7d02d8e33180
7d02d8e33180
apriyanto@craziyuhuu:~/github/a433-microservices$ docker stop a54631e77992
a54631e77992
apriyanto@craziyuhuu:~/github/a433-microservices$ docker ps
CONTAINER ID   IMAGE         COMMAND                  CREATED       STATUS       PORTS                                                                                            NAMES
f30dd2353618   docker:dind   "dockerd-entrypoint.…"   2 weeks ago   Up 5 hours   0.0.0.0:2376->2376/tcp, :::2376->2376/tcp, 2375/tcp, 0.0.0.0:3000->3000/tcp, :::3000->3000/tcp   jenkins-docker
apriyanto@craziyuhuu:~/github/a433-microservices$ docker compose up
[+] Running 2/0
 ✔ Container a433-microservices-item-db-1   Created                                                                                                     0.0s
 ✔ Container a433-microservices-item-app-1  Created                                                                                                     0.0s
Attaching to a433-microservices-item-app-1, a433-microservices-item-db-1
a433-microservices-item-db-1   | 2024-01-14T06:36:23.426+0000 I CONTROL  [initandlisten] MongoDB starting : pid=1 port=27017 dbpath=/data/db 64-bit host=a54631e77992
a433-microservices-item-db-1   | 2024-01-14T06:36:23.427+0000 I CONTROL  [initandlisten] db version v3.6.23
a433-microservices-item-db-1   | 2024-01-14T06:36:23.427+0000 I CONTROL  [initandlisten] git version: d352e6a4764659e0d0350ce77279de3c1f243e5c
a433-microservices-item-db-1   | 2024-01-14T06:36:23.427+0000 I CONTROL  [initandlisten] OpenSSL version: OpenSSL 1.0.2g  1 Mar 2016
a433-microservices-item-db-1   | 2024-01-14T06:36:23.427+0000 I CONTROL  [initandlisten] allocator: tcmalloc
a433-microservices-item-db-1   | 2024-01-14T06:36:23.427+0000 I CONTROL  [initandlisten] modules: none
a433-microservices-item-db-1   | 2024-01-14T06:36:23.427+0000 I CONTROL  [initandlisten] build environment:
a433-microservices-item-db-1   | 2024-01-14T06:36:23.427+0000 I CONTROL  [initandlisten]     distmod: ubuntu1604
a433-microservices-item-db-1   | 2024-01-14T06:36:23.427+0000 I CONTROL  [initandlisten]     distarch: x86_64
a433-microservices-item-db-1   | 2024-01-14T06:36:23.427+0000 I CONTROL  [initandlisten]     target_arch: x86_64
a433-microservices-item-db-1   | 2024-01-14T06:36:23.427+0000 I CONTROL  [initandlisten] options: { net: { bindIpAll: true } }
a433-microservices-item-db-1   | 2024-01-14T06:36:23.427+0000 I -        [initandlisten] Detected data files in /data/db created by the 'wiredTiger' storage engine, so setting the active storage engine to 'wiredTiger'.
a433-microservices-item-db-1   | 2024-01-14T06:36:23.427+0000 I STORAGE  [initandlisten]
a433-microservices-item-db-1   | 2024-01-14T06:36:23.428+0000 I STORAGE  [initandlisten] ** WARNING: Using the XFS filesystem is strongly recommended with the WiredTiger storage engine
a433-microservices-item-db-1   | 2024-01-14T06:36:23.428+0000 I STORAGE  [initandlisten] **          See http://dochub.mongodb.org/core/prodnotes-filesystem
a433-microservices-item-db-1   | 2024-01-14T06:36:23.428+0000 I STORAGE  [initandlisten] wiredtiger_open config: create,cache_size=1443M,cache_overflow=(file_max=0M),session_max=20000,eviction=(threads_min=4,threads_max=4),config_base=false,statistics=(fast),compatibility=(release="3.0",require_max="3.0"),log=(enabled=true,archive=true,path=journal,compressor=snappy),file_manager=(close_idle_time=100000),statistics_log=(wait=0),verbose=(recovery_progress),
a433-microservices-item-app-1  |
a433-microservices-item-app-1  | > docker-software-delivery@1.0.0 start /app
a433-microservices-item-app-1  | > node ./bin/www
a433-microservices-item-app-1  |
a433-microservices-item-db-1   | 2024-01-14T06:36:24.127+0000 I STORAGE  [initandlisten] WiredTiger message [1705214184:127174][1:0x7fc2593c4a40], txn-recover: Main recovery loop: starting at 1/28928
a433-microservices-item-db-1   | 2024-01-14T06:36:24.252+0000 I STORAGE  [initandlisten] WiredTiger message [1705214184:252201][1:0x7fc2593c4a40], txn-recover: Recovering log 1 through 2
a433-microservices-item-db-1   | 2024-01-14T06:36:24.331+0000 I STORAGE  [initandlisten] WiredTiger message [1705214184:331674][1:0x7fc2593c4a40], txn-recover: Recovering log 2 through 2
a433-microservices-item-app-1  | NODE_ENV: production
a433-microservices-item-app-1  | /app/node_modules/mongodb/lib/mongo_client.js:421
a433-microservices-item-app-1  |           throw err
a433-microservices-item-app-1  |           ^
a433-microservices-item-app-1  |
a433-microservices-item-app-1  | AssertionError [ERR_ASSERTION]: null == Error [MongoError]: failed to connect to server [item-db:27017] on first connect [Error: connect ECONNREFUSED 172.19.0.2:27017
a433-microservices-item-app-1  |     at TCPConnectWrap.afterConnect [as oncomplete] (net.js:1159:16) {
a433-microservices-item-app-1  |   name: 'MongoError'
a433-microservices-item-app-1  | }]
a433-microservices-item-app-1  |     at Pool.<anonymous> (/app/node_modules/mongodb-core/lib/topologies/server.js:336:35)
a433-microservices-item-app-1  |     at Pool.emit (events.js:400:28)
a433-microservices-item-app-1  |     at Connection.<anonymous> (/app/node_modules/mongodb-core/lib/connection/pool.js:280:12)
a433-microservices-item-app-1  |     at Object.onceWrapper (events.js:520:26)
a433-microservices-item-app-1  |     at Connection.emit (e...
a433-microservices-item-app-1  |     at /app/app.js:24:10
a433-microservices-item-app-1  |     at connectCallback (/app/node_modules/mongodb/lib/mongo_client.js:527:5)
a433-microservices-item-app-1  |     at /app/node_modules/mongodb/lib/mongo_client.js:418:11
a433-microservices-item-app-1  |     at processTicksAndRejections (internal/process/task_queues.js:77:11) {
a433-microservices-item-app-1  |   generatedMessage: true,
a433-microservices-item-app-1  |   code: 'ERR_ASSERTION',
a433-microservices-item-app-1  |   actual: null,
a433-microservices-item-app-1  |   expected: Error [MongoError]: failed to connect to server [item-db:27017] on first connect [Error: connect ECONNREFUSED 172.19.0.2:27017
a433-microservices-item-app-1  |       at TCPConnectWrap.afterConnect [as oncomplete] (net.js:1159:16) {
a433-microservices-item-app-1  |     name: 'MongoError'
a433-microservices-item-app-1  |   }]
a433-microservices-item-app-1  |       at Pool.<anonymous> (/app/node_modules/mongodb-core/lib/topologies/server.js:336:35)
a433-microservices-item-app-1  |       at Pool.emit (events.js:400:28)
a433-microservices-item-app-1  |       at Connection.<anonymous> (/app/node_modules/mongodb-core/lib/connection/pool.js:280:12)
a433-microservices-item-app-1  |       at Object.onceWrapper (events.js:520:26)
a433-microservices-item-app-1  |       at Connection.emit (events.js:400:28)
a433-microservices-item-app-1  |       at Socket.<anonymous> (/app/node_modules/mongodb-core/lib/connection/connection.js:189:49)
a433-microservices-item-app-1  |       at Object.onceWrapper (events.js:520:26)
a433-microservices-item-app-1  |       at Socket.emit (events.js:400:28)
a433-microservices-item-app-1  |       at emitErrorNT (internal/streams/destroy.js:106:8)
a433-microservices-item-app-1  |       at emitErrorCloseNT (internal/streams/destroy.js:74:3),
a433-microservices-item-app-1  |   operator: '=='
a433-microservices-item-app-1  | }
a433-microservices-item-app-1  | npm ERR! code ELIFECYCLE
a433-microservices-item-db-1   | 2024-01-14T06:36:24.395+0000 I STORAGE  [initandlisten] WiredTiger message [1705214184:395253][1:0x7fc2593c4a40], txn-recover: Set global recovery timestamp: 0
a433-microservices-item-app-1  | npm ERR! errno 1
a433-microservices-item-app-1  | npm ERR! docker-software-delivery@1.0.0 start: `node ./bin/www`
a433-microservices-item-app-1  | npm ERR! Exit status 1
a433-microservices-item-app-1  | npm ERR!
a433-microservices-item-app-1  | npm ERR! Failed at the docker-software-delivery@1.0.0 start script.
a433-microservices-item-app-1  | npm ERR! This is probably not a problem with npm. There is likely additional logging output above.
a433-microservices-item-app-1  |
a433-microservices-item-app-1  | npm ERR! A complete log of this run can be found in:
a433-microservices-item-app-1  | npm ERR!     /root/.npm/_logs/2024-01-14T06_36_24_402Z-debug.log
a433-microservices-item-db-1   | 2024-01-14T06:36:24.454+0000 I CONTROL  [initandlisten]
a433-microservices-item-db-1   | 2024-01-14T06:36:24.454+0000 I CONTROL  [initandlisten] ** WARNING: Access control is not enabled for the database.
a433-microservices-item-db-1   | 2024-01-14T06:36:24.454+0000 I CONTROL  [initandlisten] **          Read and write access to data and configuration is unrestricted.
a433-microservices-item-db-1   | 2024-01-14T06:36:24.454+0000 I CONTROL  [initandlisten]
a433-microservices-item-db-1   | 2024-01-14T06:36:24.458+0000 I FTDC     [initandlisten] Initializing full-time diagnostic data capture with directory '/data/db/diagnostic.data'
a433-microservices-item-db-1   | 2024-01-14T06:36:24.459+0000 I NETWORK  [initandlisten] listening via socket bound to 0.0.0.0
a433-microservices-item-db-1   | 2024-01-14T06:36:24.459+0000 I NETWORK  [initandlisten] listening via socket bound to /tmp/mongodb-27017.sock
a433-microservices-item-db-1   | 2024-01-14T06:36:24.459+0000 I NETWORK  [initandlisten] waiting for connections on port 27017
a433-microservices-item-app-1 exited with code 1
^Ccanceled
apriyanto@craziyuhuu:~/github/a433-microservices$ docker ps
CONTAINER ID   IMAGE         COMMAND                  CREATED         STATUS          PORTS                                                                                            NAMES
a54631e77992   mongo:3       "docker-entrypoint.s…"   8 minutes ago   Up 34 seconds   27017/tcp                                                                                        a433-microservices-item-db-1
f30dd2353618   docker:dind   "dockerd-entrypoint.…"   2 weeks ago     Up 5 hours      0.0.0.0:2376->2376/tcp, :::2376->2376/tcp, 2375/tcp, 0.0.0.0:3000->3000/tcp, :::3000->3000/tcp   jenkins-docker
apriyanto@craziyuhuu:~/github/a433-microservices$ docker compose up
[+] Running 2/0
 ✔ Container a433-microservices-item-db-1   Running                                                                                                     0.0s
 ✔ Container a433-microservices-item-app-1  Created                                                                                                     0.0s
Attaching to a433-microservices-item-app-1, a433-microservices-item-db-1
a433-microservices-item-app-1  |
a433-microservices-item-app-1  | > docker-software-delivery@1.0.0 start /app
a433-microservices-item-app-1  | > node ./bin/www
a433-microservices-item-app-1  |
a433-microservices-item-app-1  | NODE_ENV: production
a433-microservices-item-db-1   | 2024-01-14T06:37:04.024+0000 I NETWORK  [listener] connection accepted from 172.19.0.3:59098 #1 (1 connection now open)
a433-microservices-item-db-1   | 2024-01-14T06:37:04.028+0000 I NETWORK  [conn1] received client metadata from 172.19.0.3:59098 conn1: { driver: { name: "nodejs", version: "2.2.36" }, os: { type: "Linux", name: "linux", architecture: "x64", version: "5.15.0-91-generic" }, platform: "Node.js v14.21.3, LE, mongodb-core: 2.1.20" }
a433-microservices-item-app-1  | Connected to database
a433-microservices-item-app-1  | GET / 304 134.239 ms - -
a433-microservices-item-app-1  | GET /javascripts/dist/dist.min.js 304 1.975 ms - -
a433-microservices-item-app-1  | GET /stylesheets/style.css 200 27.125 ms - 519
a433-microservices-item-app-1  | GET /api 200 7.001 ms - 122
a433-microservices-item-app-1  | POST /api 201 10.527 ms - 60